Starting CAP Project Generator...
Using @sap/cds-dk [10.0.7] from /extbin/globals/bun/global/install/node_modules/@sap/cds-dk
Using @sap/generator-cap-project [2.1.3] from [/extbin/globals/bun/global/install/node_modules/@sap/generator-cap-project]
Using root path [/home/user/projects]

Creating project with approuter, hana, mta, nodejs, pipeline, xsuaa

Adding facet: nodejs
Adding facet: mta
Adding facet: xsuaa
Adding facet: hana
Adding facet: approuter
Adding facet: pipeline

Successfully initialized CAP project
Continue with: code MyHANAApp 
for information on project "Piper" and its pipelines see https://www.project-piper.io/


Installing dependencies...

added 82 packages, and audited 194 packages in 5s

33 packages are looking for funding
  run `npm fund` for details

found 0 vulnerabilities

Finished installing dependencies

Done setting up project MyHANAApp
Project is ready to use

